<html>
<body>
<pre>
<h1>µVision Build Log</h1>
<h2>Tool Versions:</h2>
IDE-Version: ¦ÌVision V5.15
Copyright (C) 2015 ARM Ltd and ARM Germany GmbH. All rights reserved.
License Information: huangjie18 Microsoft, Microsoft, LIC=GE72Z-J1B51-HP4ZN-YB5S8-LD2AH-93K8B
 
Tool Versions:
Toolchain:       MDK-ARM Professional  Version: 5.15.0
Toolchain Path:  C:\Keil_v5\ARM\ARMCC\Bin
C Compiler:      Armcc.exe V5.05 update 2 (build 169)
Assembler:       Armasm.exe V5.05 update 2 (build 169)
Linker/Locator:  ArmLink.exe V5.05 update 2 (build 169)
Library Manager: ArmAr.exe V5.05 update 2 (build 169)
Hex Converter:   FromElf.exe V5.05 update 2 (build 169)
CPU DLL:         SARMCM3.DLL V5.15.0
Dialog DLL:      DCM.DLL V1.13.2.0
Target DLL:      STLink\ST-LINKIII-KEIL_SWO.dll V2.0.15.0_KEIL
Dialog DLL:      TCM.DLL V1.14.5.0
 
<h2>Project:</h2>
D:\GitHub\Speaker-processor-2\USER\Processor.uvprojx
Project File Date:  07/28/2018

<h2>Output:</h2>
*** Using Compiler 'V5.05 update 2 (build 169)', folder: 'C:\Keil_v5\ARM\ARMCC\Bin'
Build target 'Processor'
compiling Output_Third.c...
..\HARDWARE\inface_2\OUTPUT\Output_Third.c(219): warning:  #177-D: variable "pState" was declared but never referenced
        const GUI_PID_STATE* pState = (const GUI_PID_STATE*)pMsg->Data.p;
..\HARDWARE\inface_2\OUTPUT\Output_Third.c(341): warning:  #177-D: variable "NCode" was declared but never referenced
        int             NCode;
..\HARDWARE\inface_2\OUTPUT\Output_Third.c(342): warning:  #177-D: variable "Id" was declared but never referenced
        int             Id;
..\HARDWARE\inface_2\OUTPUT\Output_Third.c: 3 warnings, 0 errors
linking...
Program Size: Code=93264 RO-data=101908 RW-data=2448 ZI-data=1245400  
FromELF: creating hex file...
"..\OBJ\Processor.axf" - 0 Error(s), 3 Warning(s).

<h2>Collection of Component include folders:</h2>
  D:\GitHub\Speaker-processor-2\USER\RTE
  C:\Keil_v5\ARM\PACK\Keil\AT32F4xx_DFP\1.0.3\Device\Include

<h2>Collection of Component Files used:</h2>
</pre>
</body>
</html>
